// Jest Snapshot v1, https://goo.gl/fbAQLP

exports[`tokensToJson simple case 1`] = `
"{
  \\"colorPrimary\\": \\"#f00\\",
  \\"colorSecondary\\": \\"#0f0\\",
  \\"colorTertiary\\": \\"#00f\\",
  \\"spacingSm\\": \\"8px\\",
  \\"spacingMd\\": \\"16px\\",
  \\"spacingLg\\": \\"24px\\"
}"
`;

exports[`tokensToJson with a namespace 1`] = `
"{
  \\"rmColorPrimary\\": \\"#f00\\",
  \\"rmColorSecondary\\": \\"#0f0\\",
  \\"rmColorTertiary\\": \\"#00f\\",
  \\"rmSpacingSm\\": \\"8px\\",
  \\"rmSpacingMd\\": \\"16px\\",
  \\"rmSpacingLg\\": \\"24px\\"
}"
`;

exports[`tokensToJson with comments 1`] = `
"{
  \\"colorPrimary\\": \\"#f00\\",
  \\"colorSecondary\\": \\"#0f0\\",
  \\"colorTertiary\\": \\"#00f\\",
  \\"spacingSm\\": \\"8px\\",
  \\"spacingMd\\": \\"16px\\",
  \\"spacingLg\\": \\"24px\\"
}"
`;
