// Jest Snapshot v1, https://goo.gl/fbAQLP

exports[`mixed styles 1`] = `
"<!doctype html>
<html>
<body>

<section>
<h2>Variables</h2>
<h3>Color</h3>
<table>
<thead>
<tr>
<th>Name</th>
<th>Value</th>
</tr>
</thead>
<tbody>
<tr>
<td><code>color-primary</code></td>
<td><code>#f00</code></td>
</tr>
<tr>
<td><code>color-secondary</code></td>
<td><code>#0f0</code></td>
</tr>
</tbody>
</table>
<h3>Spacing</h3>
<table>
<thead>
<tr>
<th>Name</th>
<th>Value</th>
</tr>
</thead>
<tbody>
<tr>
<td><code>spacing-small</code></td>
<td><code>8px</code></td>
</tr>
<tr>
<td><code>spacing-large</code></td>
<td><code>64px</code></td>
</tr>
</tbody>
</table>
</section>

<section>
<h2>Modifier Classes</h2>
.bg-primary { background-color: #f00 }
.bg-secondary { background-color: #0f0 }
.brc-primary { border-color: #f00 }
.brc-secondary { border-color: #0f0 }
.c-primary { color: #f00 }
.c-secondary { color: #0f0 }
.fill-primary { fill: #f00 }
.fill-secondary { fill: #0f0 }
.m-small { margin: 8px }
.m-large { margin: 64px }
.mt-small { margin-top: 8px }
.mt-large { margin-top: 64px }
.mb-small { margin-bottom: 8px }
.mb-large { margin-bottom: 64px }
.ml-small { margin-left: 8px }
.ml-large { margin-left: 64px }
.mr-small { margin-right: 8px }
.mr-large { margin-right: 64px }
.mv-small { margin-top: 8px; margin-bottom: 8px }
.mv-large { margin-top: 64px; margin-bottom: 64px }
.mh-small { margin-left: 8px; margin-right: 8px }
.mh-large { margin-left: 64px; margin-right: 64px }
.p-small { padding: 8px }
.p-large { padding: 64px }
.pt-small { padding-top: 8px }
.pt-large { padding-top: 64px }
.pb-small { padding-bottom: 8px }
.pb-large { padding-bottom: 64px }
.pl-small { padding-left: 8px }
.pl-large { padding-left: 64px }
.pr-small { padding-right: 8px }
.pr-large { padding-right: 64px }
.pv-small { padding-top: 8px; padding-bottom: 8px }
.pv-large { padding-top: 64px; padding-bottom: 64px }
.ph-small { padding-left: 8px; padding-right: 8px }
.ph-large { padding-left: 64px; padding-right: 64px }
</section>

</body>
</html>"
`;
